<?xml version="1.0"?>
<testsuite name="HeadlessChrome 0.0.0 (Mac OS X 10.14.6)" package="" timestamp="2020-06-03T00:45:34" id="0" hostname="bidani.local" tests="16" errors="0" failures="0" time="0.001">
  <properties>
    <property name="browser.fullName" value="Mozilla/5.0 (Macintosh; Intel Mac OS X 10_14_6) AppleWebKit/537.36 (KHTML, like Gecko) HeadlessChrome/83.0.4103.61 Safari/537.36"/>
  </properties>
  <testcase name="appTests BookWithReview object for book 102 should contain correct book data" time="0" classname="appTests"/>
  <testcase name="appTests BookWithReview object for book 103 should contain correct book data" time="0.001" classname="appTests"/>
  <testcase name="appTests DOM node for book 102 should contain correct number of reviews" time="0" classname="appTests"/>
  <testcase name="appTests DOM node for book 102 should contain correct review data" time="0" classname="appTests"/>
  <testcase name="appTests DOM node for book 102 should contain correct title" time="0" classname="appTests"/>
  <testcase name="appTests DOM node for book 103 should contain correct title" time="0" classname="appTests"/>
  <testcase name="appTests DOM node for book 103 should contain correct review data" time="0" classname="appTests"/>
  <testcase name="appTests DOM node for book 103 should contain correct number of reviews" time="0" classname="appTests"/>
  <testcase name="appTests displayBooks() should display 3 book nodes" time="0" classname="appTests"/>
  <testcase name="appTests displayBooks() should not render ul when there are no reviews for book" time="0" classname="appTests"/>
  <testcase name="appTests parseBookData() should return 3 books" time="0" classname="appTests"/>
  <testcase name="appTests displayBooks() should not render ol when there are no books" time="0" classname="appTests"/>
  <testcase name="appTests DOM node for book 101 should contain correct review data" time="0" classname="appTests"/>
  <testcase name="appTests DOM node for book 101 should contain correct number of reviews" time="0" classname="appTests"/>
  <testcase name="appTests DOM node for book 101 should contain correct title" time="0" classname="appTests"/>
  <testcase name="appTests BookWithReview object for book 101 should contain correct book data" time="0" classname="appTests"/>
  <system-out>
    <![CDATA[
]]>
  </system-out>
  <system-err/>
</testsuite>